[   .0000]niialinggrou ssycpuset[    0.000000] Initialiing cgousuys c
   0000]Initling coususys cpcc
[   0.000] Linux vrsio 4.05-geri(buid@gw-34) (c ersion.40 201606 (untu.4-6bunt~104.2) 6-buntu MPedOct 9 :1:37 UTC 01 (untu 44.4566-genri4..21)
  0.0000] omndline: BO_IGE=/otmlin-4.0-45-nec ro=LELcloumgootfs ro console=tty1 console=ttyS0
[    0.000000] KERNEL supported cpus:
[    0.000000]   Intel GenuineIntel
[    0.000000]   AMD AuthenticAMD
[    0.000000]   Centaur CentaurHauls
[    0.000000] ------------[ cut here ]------------
[    0.000000] WARNING: CPU: 0 PID: 0 at /build/linux-kOWph6/linux-4.4.0/arch/x86/kernel/fpu/xstate.c:517 fpu__init_system_xstate+0x38b/0x75a()
[    0.000000] XSAVE consistency problem, dumping leaves
[    0.000000] Modules linked in:
[    0.000000] CPU: 0 PID: 0 Comm: swapper Not tainted 4.4.0-45-generic #66-Ubuntu
[    0.000000]  0000000000000086 9293364ea39a84cd ffffffff81e03d80 ffffffff813f1fe3
[    0.000000]  ffffffff81e03dc8 ffffffff81ca2d90 ffffffff81e03db8 fffff81081212
[    00000]ffffffe048ffffffe03e 00000000008000000000000100
[    0.000000] Call Trace:
[    0000000] <fffff13fe>]umstck+03/90
[  00000  fffffff8812>] rnlopath_cmo0x82xc
[   0000000 [<ffff80812ac wn_slpa_ft+5c0x
[   .0000][<fffff87c0>] xfture_se+59/07    0000  [<ffff81f6ec fpu__inisystem_xstat+0x38bx7
[  00000]  [ffffff81a1>] ?ary_t_halearay+0x1/020
  .00000]  [fffffff657>]puint_system+010/0x25[  0.000000]  [<ffffffff81f6b960>] early_cpu_init+0x139/0x13e
[    0.000000]  [<ffffffff81f6b960>] ? early_cpu_init+0x139/0x13e
[    0.000000]  [<ffffffff81f66e2f>] setup_arch+0xb4/0xd1e
[  00000  ffffff1f120>? rl_idtaner_aayx120/020
[    000000]  [ffff81f5ac>]tarterl+0x/0a2
[  0.0000]  [<ffffffff81f5a120>] ? early_idt_handler_array+0x120/0x120
[    0.000000]  [<ffffffff81f5a339>] x86_64_start_reservations+0x2a/0x2c
[    0.000000]  [<ffffffff81f5a485>] x86_64_start_kernel+0x14a/0x16d
[    0.000000] ---[ end trace 4d5ff9f2f68c4233 ]---
[    0.000000] CPUID[0d, 00]: eax=00000007 ebx=00000440 ecx=00000440 edx=00000000
[    0.000000] CPUID[0d, 01]: eax=00000000 ebx=000003c0 ecx=00000000 edx=00000000
[    0.000000] CPUID[0d, 02]: eax=00000100 ebx=00000240 ecx=00000000 edx=00000000
[    0.000000] CPUID[0d, 03]: eax=00000000 ebx=00000000 ecx=00000000 edx=00000000
[    0.000000] CPUID[0d, 04]: eax=00000000 ebx=00000000 ecx=00000000 edx=00000000
[    0.000000] CPUID[0d, 05]: eax=00000000 ebx=00000000 ecx=00000000 edx=00000000
[    0.000000] CPUID[0d, 06]: eax=00000000 ebx=00000000 ecx=00000000 edx=00000000
[    0.000000] CPUID[0d, 07]: eax=00000000 ebx=00000000 ecx=00000000 edx=00000000
[    0.000000] CPUID[0d, 08]: eax=00000000 ebx=00000000 ecx=00000000 edx=00000000
[    0.000000] CPUID[0d, 09]: eax=00000000 ebx=00000000 ecx=00000000 edx=00000000
[    0.000000] CPUID[0d, 0a]: eax=00000000 ebx=00000000 ecx=00000000 edx=00000000
[    0.000000] CPUID[0d, 0b]: eax=00000000 ebx=00000000 ecx=00000000 edx=00000000
[    0.000000] CPUID[0d, 0c]: eax=00000000 ebx=00000000 ecx=00000000 edx=00000000
[    0.000000] CPUID[0d, 0d]: eax=00000000 ebx=00000000 ecx=00000000 edx=00000000
[    0.000000] CPUID[0d, 0e]: eax=00000000 ebx=00000000 ecx=00000000 edx=00000000
[    0.000000] CPUID[0d, 0f]: eax=00000000 ebx=00000000 ecx=00000000 edx=00000000
[    0.000000] CPUID[0d, 10]: eax=00000000 ebx=00000000 ecx=00000000 edx=00000000
[    0.000000] CPUID[0d, 11]: eax=00000000 ebx=00000000 ecx=00000000 edx=00000000
[    0.000000] x86/fpu: xstate_offset[2]:  576, xstate_sizes[2]:  256
[    0.000000] x86/fpu: Supporting XSAVE feature 0x01: 'x87 floating point registers'
[    0.000000] x86/fpu: Supporting XSAVE feature 0x02: 'SSE registers'
[    0.000000] x86/fpu: Supporting XSAVE feature 0x04: 'AVX registers'
[    0.000000] x86/fpu: Enabled xstate features 0x7, context size is 1088 bytes, using 'standard' format.
[    0.000000] x86/fpu: Using 'lazy' FPU context switches.
[    0.000000] e820: BIOS-provided physical RAM map:
[    0.000000] BIOS-e820: [mem 0x0000000000000000-0x000000000009fbff] usable
[    0.000000] BIOS-e820: emx0000000fc00x0000000ff] rerv
[  00000] OS820:me 0x000000000-0x00000000fffreserved[   0.00] BIOS82 [me0x000000000-0x0000ffff uable[   0.00] BI-e0:[memx000000ff00-0x00000ffff] PIda
  0.0000] IOS-e8: em 000000fffc000-0000000fffff]reseve
[  0.0000 N (Excu Dable) rocton: cte[   0.000] SBI 2 preset.[   .000] Hyrvor detected: KVM
[    0.000000] e80:ast_pf= 3fffmaarchfn 0400000
[    0.000000MTRRDibled[  0.000 x86ATMTRs dabd, sppg AT itiizatn o.
[  0.0000x8PA: Coigatio[0]: W W U- UC WB  WT  UC- UC  
[   0000] U TRRs a ban - vtuizedystem.
    0000] unSM MP-blat [m 009fff0x09ff] ppd atff880009f0
[  00000 Snnng 1re forowemry cruion   0.000000] RAMISK: [me0x6fd40-377eff
[    0000] AI:ary tablchksumericti dabed
  .00000 AI: RP 0000000E000 0000 (v0VB  
[  00000] PIXSDTx000003FFF00300003C (v1 OX  VBOXXSDT 00000001 ASL  00000061)
[    0.000000] ACPI: FACP 0x000000003FFF00F0 0000F4 (v04 VBOX   VBOXFACP 00000001 ASL  00000061)
[    0.000000] ACPI: DSDT 0x000000003FFF0470 002118 (v01 VBOX   VBOXBIOS 00000002 INTL 20160108)
[    0.000000] ACPI: FACS 0x000000003FFF20000040
  0.0000ACI: FS 000000FF0200000
[  00000]CP API0x000003F00 0000 (2 VB  BOXAC 00001 L 00001)[   .0000]AC: DT 0000003F00 001CC v0 VOX  VBOXCPUT000002NT201608
[   0.00000 N NUMA nfuratn und
[  .00000] Faking a node at [mem 0x0000000000000000-0x000000003ffeffff]
[    0.000000] NODE_DATA(0) allocated [mem 0x3ffeb000-0x3feff]    0.00] kvclk:Usg rs4b564d ad 4b4d
[  00000] m-ock:pu, sr 0ff001,primar cpuclock
[    0.000000] kvm-clock: using sched offset of 2947441533 cycles
[    0.000000] clocksource: kvm-clock: mask: 0xffffffffffffffff max_cycles: 0x1cd42e4dffb, max_idle_ns: 881590591483 ns
[    0.000000] Zone ranges:
[    0.000000]   DMA      [mem 0x0000000000001000-0x0000000000ffffff]
[    0.000000]   DMA32    [mem 0x0000000001000000-0x000000003ffeffff]
[    0.000000]   Normal   empty
[    0.000000]   Device   empty
[    0.000000] Movable zone start for each node
[    0.000000] Early memory node ranges
[    0.000000]   node   0: [mem 0x0000000000001000-0x000000000009efff]
[    0.000000]   node   0: [mem 0x0000000000100000-0x000000003ffeffff]
[    0.000000] Initmem setup node 0 [mem 0x0000000000001000-0x000000003ffeffff]
[    0.000000] ACPI: PM-Timer IO Port: 0x4008
[    0.000000] IOAPIC[0]: apic_id 2, version 17, address 0xfec00000, GSI 0-23
[    0.000000] ACPI: INT_SRC_OVR (bus 0 bus_irq 0 lol_rq 2 d dl)
  .0000]CP: INSROVR us bs_ir9 obalrq hgh lel
[  0.000] Usi AI (MT)orSMP nfuratn formio
[   0000] smpbot:llwing CPUs, 0 hotplug CPU
[    00000] PMRester nav memor [m 0x00000x000ff
[  00000] PMRester nav mor [em 000000-00ffff]   0.000 PM: Regsted nav mmory[mm 0x0000-0x000eff]
[   0.0000 PM:egtered sae mery [mem 0x0f000-00ffff
[  .0000]820:me 0400000xfffff availlefor PI vices   0.000 Bootingarvirtaliz krneln M
[  0.0000] clocksurce: rein-jffies:ma: xfffffffaxcycl: ffffffmax_id_n 76419021568s[    00000] tupercpu:R_PUS:6 _cpuskit:256r_u_ids:nrode_id1[   .0000] PCP Embde33 pages/cpu @ffff88003fc00000 s98008 r8192 d28968 u1048576
[    0.000000] PV qspinlock hash table entries: 256 (order: 0, 4096 bytes)
[    0.000000] Built 1 zonelists in Node order, mobility grouping on.  Total pages: 257913
[    0.000000] Policy zone: DMA32
[    0.000000] Kernel command line: BOOT_IMAGE=/boot/vmlinuz-4.4.0-45-generic root=LABEL=cloudimg-rootfs ro console=tty1 console=ttyS0
[    0.000000] PID hash table entries: 4096 (order: 3, 32768 bytes)
[    0.000000] Memory: 1004388K/1048120K available (8409K kernel code, 1283K rwdata, 3944K rodata, 1480K init, 1292K bss, 43732K reserved, 0K cma-reserved)
[    0.000000] SLUB: HWalign=64, Order=0-3, MinObjects=0, CPUs=2, Nodes=1
[  0.0000HirarccaRCU plenatio
   0000]	Bui-te adstnt of le fout  6
[   .0000]RCretricti Cs frm NRPUS=6  n_cpuds.
[  00000]CUAdjuting gmery fr cufaout_leaf4,nr_c_i=2
  .00000NRRQS:64nrirqs406
[  000000 Csoe: clo V+ 80x2
  0.0000 csole [ty] enbld
[  00000] coso [tyS0 ebl
[    0.000000] tsc: Detected 2592.000 MHz processor
[   19.317364] Calibrating delay loop (skipped) preset value.. 5184.00 BogoMIPS (lpj=10368000)
[   19.427036] pid_max: default: 32768 minimum: 301
[   19.442934] ACPI: Core revision 20150930
[   19.444357] ACPI: 2 ACPI AML tables successfully acquired and loaded
[   19.445304] Security Framework initialized
[   19.445890] Yama: becoming mindful.
[   19.446433] AppArmor: AppArmor initialized
[   19.447077] Dentry cache hash table entries: 131072 (order: 8, 1048576 bytes)
[   19.448150] Inode-cache hash table entries: 65536 (order: 7, 524288 bytes)
[   19.449621] Mount-cache hash table entries: 2048 (order: 2, 16384 bytes)
[   19.651817] Mountpoint-cache hash table entries: 2048 (order: 2, 16384 bytes)
[   19.689814] Initializing cgroup subsys io
[   19.690404] Initializing cgroup subsys memory
[   19.691017] Initializing cgroup subsys devices
[   19.691693] Initializing cgroup subsys freezer
[   19.692311] Initializing cgroup subsys net_cls
[   19.692949] Initializing cgroup subsys perf_event
[   19.693593] Initializing cgroup subsys net_prio
[   19.694216] Initializing cgroup subsys hugetlb
[   19.694834] Initializing cgroup subsys pids
[   19.695551] CPU: Physical Processor ID: 0
[   19.696178] CPU: Processor Core ID: 0
[   19.697772] mce: CPU supports 0 MCE banks
[   19.698367] Last level iTLB entries: 4KB 64, 2MB 8, 4MB 8
[   19.699071] Last level dTLB entries: 4KB 64, 2MB 0, 4MB 0, 1GB 4
[   19.701487] Freeing SMP alternatives memory: 32K (ffffffff820b4000 - ffffffff820bc000)
[   19.709457] ftrace: allocating 32007 entries in 126 pages
[   19.893996] smpboot: Max logical packages: 1
[   20.030887] smpboot: APIC(0) Converting physical 0 to logical package 0
[   20.229689] ..TIMER: vector=0x30 apic1=0 pin1=2 apic2=-1 pin2=-1
[   20.509083] smpboot: CPU0: Intel(R) Core(TM) i7-6700HQ CPU @ 2.60GHz (family: 0x6, model: 0x5e, stepping: 0x3)
[   20.795081] Performance Events: unsupported p6 CPU model 94 no PMU driver, software events only.
[   21.009352] KVM setup paravirtual spinlock
[   21.074274] x86: Booting SMP configuration:
[   21.147916] .... node  #0, CPUs:      #1
[   21.242354] kvm-clock: cpu 1, msr 0:3ffe704,, sccondary cpu clock
[   21.529577] mce: CPU supports 0 MCE banks
[   21.535745] x86: Booted up 1 node, 2 CPUs
[   21.577590] smpboot: Total of 2 processors activated (10368.00 BogoMIPS)
[   21.579029] devtmpfs: initialized
[   21.580796] evm: security.selinux
[   21.581359] evm: security.SMACK64
[   21.581890] evm: security.SMACK64EXEC
[   21.582452] evm: security.SMACK64TRANSMUTE
[   21.583052] evm: security.SMACK64MMAP
[   21.583713] evm: security.ima
[   21.665497] evm: security.capability
[   21.737247] clocksource: jiffies: mask: 0xffffffff max_cycles: 0xffffffff, max_idle_ns: 7645041785100000 ns
[   21.738800] pinctrl core: initialized pinctrl subsystem
[   21.739685] RTC time: 20:43:43, date: 10/31/16
[   21.740812] NET: Registered protocol family 16
[   21.753011] cpuidle: using governor ladder
[   21.884772] cpuidle: using governor menu
[   21.953716] PCCT header not found.
[   21.992791] ACPI: bus type PCI registered
[   22.043746] acpiphp: ACPI Hot Plug PCI Controller Driver version: 0.5
[   22.130220] PCI: Using configuration type 1 for base access
[   22.244035] ACPI: Added _OSI(Module Device)
[   22.352644] ACPI: Added _OSI(Processor Device)
[   22.466956] ACPI: Added _OSI(3.0 _SCP Extensions)
[   22.593010] ACPI: Added _OSI(Processor Aggregator Device)
[   22.642467] ACPI: Executed 1 blocks of module-level executable AML code
[   22.645047] ACPI: Interpreter enabled
[   22.717328] ACPI Exception: AE_NOT_FOUND, While evaluating Sleep State [\_S1_] (20150930/hwxface-580)
[   22.979545] ACPI Exception: AE_NOT_FOUND, While evaluating Sleep State [\_S2_] (20150930/hwxface-580)
[   23.248205] ACPI Exception: AE_NOT_FOUND, While evaluating Sleep State [\_S3_] (20150930/hwxface-580)
[   23.516861] ACPI Exception: AE_NOT_FOUND, While evaluating Sleep State [\_S4_] (20150930/hwxface-580)
[   23.710095] ACPI: (supports S0 S5)
[   23.710725] ACPI: Using IOAPIC for interrupt routing
[   23.713073] PCI: Using host bridge windows from ACPI; if necessary, use "pci=nocrs" and report a bug
[   23.723308] ACPI: PCI Root Bridge [PCI0] (domain 0000 [bus 00-ff])
[   23.724165] acpi PNP0A03:00: _OSC: OS supports [ASPM ClockPM Segments MSI]
[   23.725012] acpi PNP0A03:00: _OSC failed (AE_NOT_FOUND); disabling ASPM
[   23.725888] acpi PNP0A03:00: fail to add MMCONFIG information, can't access extended PCI configuration space under this bridge.
[   23.727542] PCI host bridge to bus 0000:00
[   23.728149] pci_bus 0000:00: root bus resource [io  0x0000-0x0cf7 window]
[   23.728976] pci_bus 0000:00: root bus resource [io  0x0d00-0xffff window]
[   23.732831] pci_bus 0000:00: root bus resource [mem 0x000a0000-0x000bffff window]
[   23.733901] pci_bus 0000:00: root bus resource [mem 0x40000000-0xffdfffff window]
[   23.734968] pci_bus 0000:00: root bus resource [bus 00-ff]
[   23.736769] pci 0000:00:01.1: legacy IDE quirk: reg 0x10: [io  0x01f0-0x01f7]
[   23.737669] pci 0000:00:01.1: legacy IDE quirk: reg 0x14: [io  0x03f6]
[   23.738472] pci 0000:00:01.1: legacy IDE quirk: reg 0x18: [io  0x0170-0x0177]
[   23.739357] pci 0000:00:01.1: legacy IDE quirk: reg 0x1c: [io  0x0376]
[   23.757023] ACPI: PCI Interrupt Link [LNKA] (IRQs 5 9 10 11) *0, disabled.
[   23.909247] ACPI: PCI Interrupt Link [LNKB] (IRQs 5 9 10 *11)
[   23.994555] ACPI: PCI Interrupt Link [LNKC] (IRQs 5 9 *10 11)
[   24.072861] ACPI: PCI Interrupt Link [LNKD] (IRQs 5 *9 10 11)
[   24.168788] ACPI: Enabled 2 GPEs in block 00 to 07
[   24.297079] vgaarb: setting as boot device: PCI:0000:00:02.0
[   24.458742] vgaarb: device added: PCI:0000:00:02.0,decodes=io+mem,owns=io+mem,locks=none
[   24.653723] vgaarb: loaded
[   24.729220] vgaarb: bridge control possible 0000:00:02.0
[   24.777788] SCSI subsystem initialized
[   24.778654] ACPI: bus type USB registered
[   24.779276] usbcore: registered new interface driver usbfs
[   24.780112] usbcore: registered new interface driver hub
[   24.780823] usbcore: registered new device driver usb
[   24.782057] PCI: Using ACPI for IRQ routing
[   24.782893] NetLabel: Initializing
[   24.783481] NetLabel:  domain hash size = 128
[   24.784137] NetLabel:  protocols = UNLABELED CIPSOv4
[   24.784811] NetLabel:  unlabeled traffic allowed by default
[   24.785811] amd_nb: Cannot enumerate AMD northbridges
[   24.786565] clocksource: Switched to clocksource kvm-clock
[   24.810586] AppArmor: AppAorilsystem Enabled
  5.91] p:nPCPin
  5.08] p:nPCP fnd3 vis
[   25.911225] clocksource: acpi_pm: mask: 0xffffff max_cylles: 0xffffff, max_idle_n::22085701024 ns
[   26.860109] NET: Registered protocol family 2
[   26.898499] TCP established hash table entries: 8192 (order: 4, 65536 bytes)
[   26.899550] TCP bind hash table entries: 8192 (order: 5, 131072 bytes)
[   26.900392] TCP: Hash tables configured (established 8192 bind 8192)
[   26.901220] UDP hash table entries: 512 (order: 2, 16384 bytes)
[   26.902006] UDP-Lite hash table entries: 512 (order: 2, 16384 bytes)
[   26.902849] NET: Registered protocol family 1
[   26.903591] pci 0000:00:00.0: Limiting direct PCI/PCI transfers
[   26.904376] pci 0000:00:01.0: Activating ISA DMA hang workarounds
[   26.905629] Trying to unpack rootfs image as initramfs...
[   28.064609] Freeing initrd memory: 8248K (ffff880036fd4000 - ffff8800377e2000)
[   28.071508] platform rtc_cmos: registered platform RTC device (no PNP device found)
[   28.072761] Scanning for low memory corruption every 60 seconds
[   28.074105] futex hash table entries: 512 (order: 3, 32768 bytes)
[   28.074912] audit: initializing netlink subsys (disabled)
[   28.075770] audit: type=2000 audit(1477946610.244:1): initialized
[   28.076753] Initialise system trusted keyring
[   28.077628] HugeTLB registered 2 MB page size, pre-allocated 0 pages
[   28.081297] zbud: loaded
[   28.082020] VFS: Disk quotas dquot_6.6.0
[   28.087999] VFS: Dquot-cache hash table entries: 512 (order 0, 4096 bytes)
[   28.458507] squashfs: version 4.0 (2009/01/31) Phillip Lougher
[   28.559706] fuse init (API version 7.23)
[   28.698266] Key type big_key registered
[   28.698866] Allocating IMA MOK and blacklist keyrings.
[   28.700944] Key type asymmetric registered
[   28.704580] Asymmetric key parser 'x509' registered
[   28.705305] Block layer SCSI generic (bsg) driver version 0.4 loaded (major 249)
[   28.706516] io scheduler noop registered
[   28.707126] io scheduler deadline registered (default)
[   28.738005] io scheduler cfq registered
[   29.018093] pci_hotplug: PCI Hot Plug PCI Core version: 0.
[   29.257991] pciehp: PCI Express Hot Plug Controller Driver version: 0.4
[   29.267499] tsc: Refined TSC clocksource calibration: 2596.135 MHz
[   29.267501] clocksource: tsc: mask: 0xffffffffffffffff max_cycles: 0x256bf8d59a4, max_idle_ns: 440795204888 ns
[   29.460595] ACPI: AC Adapter [AC] (on-line)
[   29.461246] input: Power Button as /devices/LNXSYSTM:00/LNXPWRBN:00/input/input0
[   29.462321] ACPI: Power Button [PWRF]
[   29.462987] input: Sleep Button as /devices/LNXSYSTM:00/LNXSLPBN:00/input/input1
[   29.464067] ACPI: Sleep Button [SLPF]
[   29.464835] GHES: HEST is not enabled!
[   29.465379] ACPI: Battery Slot [BAT0] (battery present)
[   29.466304] Serial: 8250/16550 driver, 32 ports, IRQ sharing enabled
[   29.488401] 00:02: ttyS0 at I/O 0x3f8 (irq = 4, base_baud = 115200) is a 16550A
[   29.539724] Linux agpgart interface v0.103
[   29.543750] brd: module loaded
[   29.545433] loop: module loaded
[   29.546455] scsi host0: ata_piix
[   29.547268] scsi host1: ata_piix
[   29.638087] ata1: PATA max UDMA/33 cmd 0x1f0 ctl 0x3f6 bmdma 0xd000 irq 14
[   30.068422] ata2: PATA max UDMA/33 cmd 0x170 ctl 0x376 bmdma 0xd008 irq 15
[   30.168751] libphy: Fixed MDIO Bus: probed
[   30.169384] tun: Universal TUN/TAP device driver, 1.6
[   30.170064] tun: (C) 1999-2004 Max Krasnyansky <maxk@qualcomm.com>
[   30.170998] PPP generic driver version 2.4.2
[   30.171717] ehci_hcd: USB 2.0 'Enhanced' Host Controller (EHCI) Driver
[   30.172543] ehci-pci: EHCI PCI platform driver
[   30.173180] ehci-platform: EHCI generic platform driver
[   30.173883] ohci_hcd: USB 1.1 'Open' Host Controller (OHCI) Driver
[   30.174667] ohci-pci: OHCI PCI platform driver
[   30.175348] ohci-platform: OHCI generic platform driver
[   30.176105] uhci_hcd: USB Universal Host Controller Interface driver
[   30.176951] i8042: PNP: PS/2 Controller [PNP0303:PS2K,PNP0f03:PS2M] at 0x60,0x64 irq 1,12
[   30.178642] serio: i8042 KBD port at 0x60,0x64 irq 1
[   30.179422] serio: i8042 AUX port at 0x60,0x64 irq 12
[   30.180183] mousedev: PS/2 mouse device common for all mice
[   30.181305] rtc_cmos rtc_cmos: rtc core: registered rtc_cmos as rtc0
[   30.182241] rtc_cmos rtc_cmos: alarms up to one day, 114 bytes nvram
[   30.183170] i2c /dev entries driver
[   00.334178] device-mapper: uevent: version 1.0.3
[   30.548106] input: AT Translated Set 2 keyboard as /devices/platform/i8042/serio0/input/input2
[   30.549638] device-mapper: ioctl: 4.34.0-ioctl (2015-10-28) initialised: dm-devel@redhat.com
[   30.550900] ledtrig-cpu: registered to indicate activity on CPUs
[   30.552080] NET: Registered protocol family 10
[   30.552902] NET: Registered protocol family 17
[   30.553641] Key type dns_resolver registered
[   30.554384] microcode: CPU0 sig=0x506e3, pf=0x40, revision=0x0
[   30.555256] microcode: CPU1 sig=0x506e3, pf=0x40, revision=0x0
[   30.566790] microcode: Microcode Update Driver: v2.01 <tigran@aivazian.fsnet.co.uk>, Peter Oruba
[   30.568206] registered taskstats version 1
[   30.568814] Loading compiled-in X.509 certificates
[   30.570004] Loaded X.509 cert 'Build time autogenerated kernel key: 5295ae568fdd4deae5e4e5c175542790e6aaeab9'
[   30.571494] zswap: loaded using pool lzo/zbud
[   30.573538] Key type trusted registered
[   30.576515] Key type encrypted registered
[   30.577178] AppArmor: AppArmor sha1 policy hashing enabled
[   30.579790] ima: No TPM chip found, activating TPM-bypass!
[   30.580528] evm: HMAC attrs: 0x1
[   30.581253]   Magic number: 4:163:752
[   30.592770] tty ttyS3: hash matches
[   30.593471] rtc_cmos rtc_cmos: setting system clock to 2016-10-31 20:43:52 UTC (1477946632)
[   30.594824] BIOS EDD facility v0.16 2004-Jun-25, 0 devices found
[   30.595632] EDD information not available.
[   30.597390] Freeing unused kernel memory: 1480K (ffffffff81f42000 - ffffffff820b4000)
[   30.598565] Write protecting the kernel read-only data: 14336k
[   30.599929] Freeing unused kernel memory: 1820K (ffff880001839000 - ffff880001a00000)
[   30.601360] Freeing unused kernel memory: 152K (ffff880001dda000 - ffff880001e00000)
Loading, please wait...
starting version[   30.612409] random: systemd-udevd: uninitialized urandom read (16 bytes read, 3 bits of entropy available)
 229
[   30.612843] random: udevadm: uninitialized urandom read (16 bytes read, 3 bits of entropy available)
[   30.612870] random: udevadm: uninitialized urandom read (16 bytes read, 3 bits of entropy available)
[   30.612953] random: udevadm: uninitialized urandom read (16 bytes read, 3 bits of entropy available)
[   30.612982] random: udevadm: uninitialized urandom read (16 bytes read, 3 bits of entropy available)
[   30.613011] random: udevadm: uninitialized urandom read (16 bytes read, 3 bits of entropy available)
[   30.613039] random: udevadm: uninitialized urandom read (16 bytes read, 3 bits of entropy available)
[   30.613068] random: udevadm: uninitialized urandom read (16 bytes read, 3 bits of entropy available)
[   30.613096] random: udevadm: uninitialized urandom read (16 bytes read, 3 bits of entropy available)
[   30.613122] random: udevadm: uninitialized urandom read (16 bytes read, 3 bits of entropy available)
[   30.663226] Fusion MPT base driver 3.04.20
[   30.797939] Copyright (c) 1999-2008 LSI Corporation
[   30.803710] e1000: Intel(R) PRO/1000 Network Driver - version 7.3.21-k8-NAPI
[   30.858462] e1000: Copyright (c) 1999-2006 Intel Corporation.
[   30.862613] Fusion MPT SPI Host driver 3.04.20
[   30.875588] mptbase: ioc0: Initiating bringup
[   30.991491] AVX version of gcm_enc/dec engaged.
[   31.150182] AES CTR mode by8 optimization enabled
[   31.152681] input: ImExPS/2 Generic Explorer Mouse as /devices/platform/i8042/serio1/input/input4
[   31.930989] ioc0: LSI53C1030 A0: Capabilities={Initiator}
[   32.573780] scsi host2: ioc0: LSI53C1030 A0, FwRev=00000000h, Ports=1, MaxQ=256, IRQ=20
[   33.218070] scsi 2:0:0:0: Direct-Access     VBOX     HARDDISK         1.0  PQ: 0 ANSI: 5
[   33.254019] scsi target2:0:0: Beginning Domain Validation
[   33.257082] scsi target2:0:0: Domain Validation skipping write tests
[   33.259134] scsi target2:0:0: Ending Domain Validation
[   33.261085] scsi target2:0:0: asynchronous
[   33.266742] scsi 2:0:1:0: Direct-Access     VBOX     HARDDISK         1.0  PQ: 0 ANSI: 5
[   33.271399] scsi target2:0:1: Beginning Domain Validation
[   33.274558] scsi target2:0:1: Domain Validation skipping write tests
[   33.276581] scsi target2:0:1: Ending Domain Validation
[   33.278461] scsi target2:0:1: asynchronous
[   33.422504] sd 2:0:0:0: Attached scsi generic sg0 type 0
[   33.422737] sd 2:0:0:0: [sda] 20971520 512-byte logical blocks: (10.7 GB/10.0 GiB)
[   33.422823] sd 2:0:0:0: [sda] Write Protect is off
[   33.422878] sd 2:0:0:0: [sda] Incomplete mode parameter data
[   33.422879] sd 2:0:0:0: [sda] Assuming drive cache: write through
[   33.955244] sd 2:0:1:0: Attached scsi generic sg1 type 0
[   33.956503] sd 2:0:1:0: [sdb] 20480 512-byte logical blocks: (10.5 MB/10.0 MiB)
[   33.959166] sd 2:0:1:0: [sdb] Write Protect is off
[   33.960171] sd 2:0:1:0: [sdb] Incomplete mode parameter data
[   33.962064] sd 2:0:1:0: [sdb] Assuming drive cache: write through
[   33.962924]  sda: sda1
[   33.964203] sd 2:0:0:0: [sda] Attached SCSI disk
[   33.970115] sd 2:0:1:0: [sdb] Attached SCSI disk
[   34.097451] e1000 0000:00:03.0 eth0: (PCI:33MHz:32-bit) 02:2e:63:51:6e:2d
[   34.587991] e1000 0000:00:03.0 eth0: Intel(R) PRO/1000 Network Connection
[   35.208213] floppy0: no floppy controllers found
[   35.448690] e1000 0000:00:03.0 enp0s3: renamed from eth0
Begin: Loading e[   37.159797] md: linear personality registered for level -1
ssential drivers[   37.339460] md: multipath personality registered for level -4
 ... [   37.525406] md: raid0 personality registered for level 0
[   37.971182] md: raid1 personality registered for level 1
[   38.058976] raid6: sse2x1   gen()  8676 MB/s
[   38.527572] raid6: sse2x1   xor()  6548 MB/s
[   38.697598] raid6: sse2x2   gen() 11486 MB/s
[   39.054886] raid6: sse2x2   xor()  7543 MB/s
[   39.557583] raid6: sse2x4   gen() 13751 MB/s
[   39.947595] raid6: sse2x4   xor()  9801 MB/s
[   40.268615] raid6: using algorithm sse2x4 gen() 13751 MB/s
[   40.787930] raid6: .... xor() 9801 MB/s, rmw enabled
[   40.798181] raid6: using ssse3x2 recovery algorithm
[   40.800221] xor: automatically using best checksumming function:
[   40.838626]    avx       : 27417.000 MB/sec
[   40.968390] async_tx: api initialized (async)
[   41.375730] md: raid6 personality registered for level 6
[   41.392802] md: raid5 personality registered for level 5
[   41.393505] md: raid4 personality registered for level 4
[   41.408474] md: raid10 personality registered for level 10
done.
Begin: Running /scripts/init-premount ... done[   41.523303] Btrfs loaded
.
Begin: Mounting root file system ... Begin: Running /scripts/local-top ... done.
Begin: Running /scripts/local-premount ... Scanning for Btrfs filesystems
done.
Warning: fsck no[   41.648213] EXT4-fs (sda1): mounted filesystem with ordered data mode. Opts: (null)
t present, so skipping root file system
done.
Begin: Running /scripts/local-bottom ... done.
Begin: Running /scripts/init-bottom ... Warning: overlayroot: debug is busted
done.
[   41.994361] systemd[1]: systemd 229 running in system mode. (+PAM +AUDIT +SELINUX +IMA +APPARMOR +SMACK +SYSVINIT +UTMP +LIBCRYPTSETUP +GCRYPT +GNUTLS +ACL +XZ -LZ4 +SECCOMP +BLKID +ELFUTILS +KMOD -IDN)
[   42.020899] systemd[1]: Detected virtualization oracle.
[   42.022036] systemd[1]: Detected architecture x86-64.

Welcome to [1mUbuntu 16.04.1 LTS[0m!

[   42.079189] systemd[1]: Set hostname to <ubuntu>.
[   42.121237] systemd[1]: Initializing machine ID from random generator.
[   42.122431] systemd[1]: Installed transient /etc/machine-id file.
[   42.340475] systemd[1]: Started Forward Password Requests to Wall Directory Watch.
[[0;32m  OK  [0m] Started Forward Password Requests to Wall Directory Watch.
[   42.575009] systemd[1]: Set up automount Arbitrary Executable File Formats File System Automount Point.
[[0;32m  OK  [0m] Set up automount Arbitrary Executab...ats File System Automount Point.
[   42.577270] systemd[1]: Listening on LVM2 metadata daemon socket.
[[0;32m  OK  [0m] Listening on LVM2 metadata daemon socket.
[   42.578897] systemd[1]: Listening on LVM2 poll daemon socket.
[[0;32m  OK  [0m] Listening on LVM2 poll daemon socket.
[   42.580458] systemd[1]: Listening on Syslog Socket.
[[0;32m  OK  [0m] Listening on Syslog Socket.
[   42.581829] systemd[1]: Reached target Swap.
[[0;32m  OK  [0m] Reached target Swap.
[   42.583129] systemd[1]: Reached target User and Group Name Lookups.
[[0;32m  OK  [0m] Reached target User and Group Name Lookups.
[   42.584938] systemd[1]: Created slice User and Session Slice.
[[0;32m  OK  [0m] Created slice User and Session Slice.
[   42.586539] systemd[1]: Listening on Journal Socket.
[[0;32m  OK  [0m] Listening on Journal Socket.
[   42.588340] systemd[1]: Created slice System Slice.
[[0;32m  OK  [0m] Created slice System Slice.
[   42.598729] systemd[1]: Starting Nameserver information manager...
         Starting Nameserver information manager...
[   42.699759] systemd[1]: Mounting Debug File System...
         Mounting Debug File System...
[   42.734973] systemd[1]: Starting Uncomplicated firewall...
         Starting Uncomplicated firewall...
[   42.902590] systemd[1]: Starting Create list of required static device nodes for the current kernel...
         Starting Create list of required st... nodes for the current kernel...
[  4.91033] systemd[1]: Created slice system-serial\x2dgetty.slice.

[[0;32m  OK  [0m] Created slice system-serial\x2dgetty.slice.
[   43.011062] systemd[1]: Starting Set console keymap...
[   43.016885] random: nonblocking pool is initialized
         Starting Set console keymap...
[   43.026099] systemd[1]: Starting Remount Root and Kernel File Systems...
         [   43.224218] EXT4-fs (sda1): re-mounted. Opts: (null)
Starting Remount Root and Kernel File Systems...
[   43.399010] systemd[1]: Mounting POSIX Message Queue File System...
         Mounting POSIX Message Queue File System...
[   43.512170] systemd[1]: Listening on udev Kernel Socket.
[[0;32m  OK  [0m] Listening on udev Kernel Socket.
[   43.534858] systemd[1]: Starting Load Kernel Modules...
         [   43.685611] Loading iSCSI transport class v2.0-870.
Starting Load Kernel Modules...
[   44.027956] systemd[1]: Listening on Journal Audit Socket.
[[0;32m  OK  [0m] Listening on Journal Audit Socket.
[   44.029763] systemd[1]: Listening on /dev/initctl Compatibility Named Pipe.
[[0;32m  OK  [0m] Listening on /dev/initctl Compatibility Named Pipe.
[   44.032101] systemd[1]: Mounting Huge Pages File System...
         Mounting Huge Pages File System...
[   44.034473] systemd[1]: Listening on Device-mapper event daemon FIFOs.
[[0;32m  OK  [0m] Listening on Device-mapper event daemon FIFOs.
[   44.037117] systemd[1]: Starting Monitoring of LVM2 mirrors, snapshots etc. using dmeventd or progress polling...
         [   44.340669] iscsi: registered transport (tcp)
Starting Monitoring of LVM2 mirrors... dmeventd or progress polling...
[   44.448312] systemd[1]: Listening on Journal Socket (/dev/log).
[[0;32m  OK  [0m] Listening on Journal Socket (/dev/log).
[   44.451421] systemd[1]: Starting Journal Srrvice...
         Starting Journal Service...
[   44.898719] systemd[1]: Reached target Slices.
[   45.135690] iscsi: registered transport (iser)
[[0;32m  OK  [0m] Reached target Slices.
[   45.140027] systemd[1]: Listening on udev Control Socket.
[[0;32m  OK  [0m] Listening on udev Control Socket.
[   45.141524] systemd[1]: Reached target Encrypted Volumes.
[[0;32m  OK  [0m] Reached target Encrypted Volumes.
[   45.155190] systemd[1]: Mounted POSIX Message Queue File System.
[[0;32m  OK  [0m] Mounted POSIX Message Queue File System.
[   45.189243] systemd[1]: Mounted Huge Pages File System.
[[0;32m  OK  [0m] Mounted Huge Pages File System.
[   45.190840] systemd[1]: Mounted Debug File System.
[[0;32m  OK  [0m] Mounted Debug File System.
[   45.192352] systemd[1]: Started Journal Service.
[[0;32m  OK  [0m] Started Journal Service.
[[0;32m  OK  [0m] Started Uncomplicated firewall.
[[0;32m  OK  [0m] Started Create list of required sta...ce nodes for the current kernel.
[[0;32m  OK  [0m] Started Set console keymap.
[[0;32m  OK  [0m] Started Remount Root and Kernel File Systems.
[[0;32m  OK  [0m] Started Load Kernel Modules.
[[0;32m  OK  [0m] Started Nameserver information manager.
[[0;32m  OK  [0m] Started LVM2 metadata daemon.
         Mounting FUSE Control File System...
         Starting Apply Kernel Variables...
         Starting Load/Save Random Seed...
         Starting udev Coldplug all Devices...
         Starting Create Static Device Nodes in /dev...
         Starting Flush Journal to Persistent Storage...
[[0;32m  OK  [0m] Mounted FUSE Control File System.
[[0;32m  OK  [0m] Started Apply Kernel Variables.
[[0;32m  OK  [0m] Started Load/Save Random Seed.
[[0;32m  OK  [0m] Started Create Static Device Nodes in /dev.
[[0;32m  OK  [0m] Started udev Coldplug all Devices.
[[0;32m  OK  [0m] Started Flush Journal to Persistent Storage.
         Starting udev Kernel Device Manager...
[[0;32m  OK  [0m] Started Monitoring of LVM2 mirrors,...ng dmeventd or progress polling.
[[0;32m  OK  [0m] Started udev Kernel Device Manager.
[[0;32m  OK  [0m] Found device /dev/ttyS0.
[[0;32m  OK  [0m] Listening on Load/Save RF Kill Switch Status /dev/rfkill Watch.
[[0;32m  OK  [0m] Started Dispatch Password Requests to Console Directory Watch.
[[0;32m  OK  [0m] Reached target Local File Systems (Pre).
[[0;32m  OK  [0m] Reached target Local File Systems.
         Starting Run snappy firstboot setup...
         Starting Create Volatile Files and Directories...
         Starting Commit a transient machine-id on disk...
         Starting Initial cloud-init job (pre-networking)...
         Starting Tell Plymouth To Write Out Runtime Data...
         Starting LSB: AppArmor initialization...
         Starting Set console font and keymap...
[[0;32m  OK  [0m] Started Run snappy firstboot setup.
[[0;32m  OK  [0m] Started Create Volatile Files and Directories.
[[0;32m  OK  [0m] Started Commit a transient machine-id on disk.
[[0;32m  OK  [0m] Started Tell Plymouth To Write Out Runtime Data.
[[0;32m  OK  [0m] Reached target System Time Synchronized.
         Starting Update UTMP about System Boot/Shutdown...
[[0;32m  OK  [0m] Started Update UTMP about System Boot/Shutdown.
[[0;32m  OK  [0m] Started LSB: AppArmor initialization.
[[0;32m  OK  [0m] Started Set console font and keymap.
[   23.864891] cloud-init[659]: Cloud-init v. 0.7.8 running 'init-local' at Mon, 31 Oct 2016 20:44:09 +0000. Up 23.49 seconds.
[[0;32m  OK  [0m] Started Initial cloud-init job (pre-networking).
[[0;32m  OK  [0m] Reached target Network (Pre).
[[0;32m  OK  [0m] Created slice system-getty.slice.
         Starting Raise network interfaces...
[[0;32m  OK  [0m] Reached target System Initialization.
[[0;32m  OK  [0m] Listening on D-Bus System Message Bus Socket.
[[0;32m  OK  [0m] Listening on ACPID Listen Socket.
         Starting Socket activation for snappy daemon.
[[0;32m  OK  [0m] Started Trigger resolvconf update for networkd DNS.
[[0;32m  OK  [0m] Listening on UUID daemon activation socket.
         Starting LXD - unix socket.
[[0;32m  OK  [0m] Started ACPI Events Check.
[[0;32m  OK  [0m] Reached target Paths.
[[0;32m  OK  [0m] Started Timer to automatically refresh installed snaps.
[[0;32m  OK  [0m] Started Daily apt activities.
[[0;32m  OK  [0m] Started Daily Cleanup of Temporary Directories.
[[0;32m  OK  [0m] Reached target Timers.
[[0;32m  OK  [0m] Listening on Socket activation for snappy daemon.
[[0;32m  OK  [0m] Listening on LXD - unix socket.
[[0;32m  OK  [0m] Reached target Sockets.
[[0;32m  OK  [0m] Reached target Basic System.
[[0;32m  OK  [0m] Started ACPI event daemon.
         Starting LSB: Record successful boot for GRUB...
         Starting System Logging Service...
[[0;32m  OK  [0m] Started Regular background program processing daemon.
[[0;32m  OK  [0m] Started FUSE filesystem for LXC.
[[0;32m  OK  [0m] Started Deferred execution scheduler.
         Starting LSB: MD monitoring daemon...
         Starting Login Service...
[[0;32m  OK  [0m] Started Snappy daemon.
         Starting Accounts Service...
         Starting LXD - container startup/shutdown...
[[0;32m  OK  [0m] Started D-Bus System Message Bus.
[[0;32m  OK  [0m] Started System Logging Service.
[[0;32m  OK  [0m] Started Login Service.
[[0;32m  OK  [0m] Started LSB: Record successful boot for GRUB.
[[0;32m  OK  [0m] Started LSB: MD monitoring daemon.
         Starting Authenticate and Authorize Users to Run Privileged Tasks...
[[0;32m  OK  [0m] Started Authenticate and Authorize Users to Run Privileged Tasks.
[[0;32m  OK  [0m] Started Accounts Service.
[[0;32m  OK  [0m] Started LXD - container startup/shutdown.
[[0;32m  OK  [0m] Started Raise network interfaces.
[[0;32m  OK  [0m] Reached target Network.
         Starting Initial cloud-init job (metadata service crawler)...
[   26.119615] cloud-init[1009]: Cloud-init v. 0.7.8 running 'init' at Mon, 31 Oct 2016 20:44:11 +0000. Up 25.60 seconds.
[   26.232943] [cloud-init[0;32m  OK  [0m[1009]: ] ci-info: +++++++++++++++++++++++++++++++++++++Net device info++++++++++++++++++++++++++++++++++++++Started Initial cloud-init job (metadata service crawler).

[   26.234233] cloud-init[1009]: ci-info: +--------+------+----------------------------+---------------+-------+-------------------+
[   26.404721] [[0;32m  OK  [0m] Reached target Network is Online.
cloud-init[1009]: ci-info: | Device |  Up  |          Address           |      Mask     | Scope |     Hw-Address    |
[   26.413387] cloud-init[1009]: ci-info: +--------+------+----------------------------+---------------+-------+-------------------+
[   26.414714] cloud-init[1009]: ci-info: | enp0s3 | True |         10.0.2.15          | 255.255.255.0 |   .   | 02:2e:63:51:6e:2d |
[   26.415989]          Starting /etc/rc.local Compatibility...
cloud-init[1009]: ci-info: | enp0s3 | True | fe80::2e:63ff:fe51:6e2d/64 |       .       |  link | 02:2e:63:51:6e:2d |         Starting iSCSI initiator daemon (iscsid)...

[   26.418015] cloud-init[1009]: ci-info: |   lo   | True |         127.0.0.1          |   255.0.0.0   |   .   |         .         |
[   26.428636]          cloud-initStarting Pollinate to seed the pseudo random number generator...[1009]: 
ci-info: |   lo   | True |          ::1/128           |       .       |  host |         .         |
[[0;32m  OK  [0m] Reached target Cloud-config availability.
[   26.502716] cloud-init[1009]: ci-info: +--------+------+----------------------------+---------------+-------+-------------------+
         Starting Apply the settings specified in cloud-config...
[[0;32m  OK  [0m] Started /etc/rc.local Compatibility.
[   26.780144] cloud-init[1009]: ci-info: +++++++++++++++++++++++++++Route IPv4 info++++++++++++++++++++++++++++
[   26.846673] cloud-init[1009]: ci-info: +-------+-------------+----------+---------------+-----------+-------+
[   26.848417] cloud-init[1009]: ci-info: | Route | Destination | Gateway  |    Genmask    | Interface | Flags |
[   26.948274] [cloud-init[0;32m  OK  [0m[1009]: ] ci-info: +-------+-------------+----------+---------------+-----------+-------+Started Pollinate to seed the pseudo random number generator.

[   26.948554] [cloud-init[0;32m  OK  [0m[1009]: ] ci-info: |   0   |   0.0.0.0   | 10.0.2.2 |    0.0.0.0    |   enp0s3  |   UG  |Started iSCSI initiator daemon (iscsid).

[   27.189070]          cloud-initStarting Login to default iSCSI targets...[1009]: 
ci-info: |   1   |   10.0.2.0  | 0.0.0.0  | 255.255.255.0 |   enp0s3  |   U   |
[   27.284669]          cloud-initStarting OpenBSD Secure Shell server...[1009]: 
ci-info: +-------+-------------+----------+---------------+-----------+-------+
[[0;32m  OK  [0m] Started OpenBSD Secure Shell server.
[   27.401177] cloud-init[1009]: Generating public/private rsa key pair.
[   27.574574] [cloud-init[0;32m  OK  [0m[1009]: ] Your identification has been saved in /etc/ssh/ssh_host_rsa_key.Started Login to default iSCSI targets.

[   27.574970] cloud-init[1009]: Your public key has been saved in /etc/ssh/ssh_host_rsa_key.pub.
[   27.580176] [cloud-init[0;32m  OK  [0m[1009]: ] The key fingerprint is:Reached target Remote File Systems (Pre).

[   27.580536] [cloud-init[0;32m  OK  [0m[1009]: ] SHA256:bLXERFiVMIOu21s+mZyGhSzdyyflyze1zd5qe2zkEYk root@ubuntu-xenialReached target Remote File Systems.

[   27.586519]          cloud-initStarting LSB: Set the CPU Frequency Scaling governor to "ondemand"...[1009]: 
The key's randomart image is:
         Starting LSB: automatic crash report generation...
[   27.595304] cloud-init[1009]: +---[RSA 2048]----+
[   27.601275] cloud-init[1009]: |         =Bo..   |
[   27.603153] cloud-init[1009]: |        oo o.    |
[   27.604985] cloud-init[1009]: |       .  +   . .|
[   27.606765] cloud-init[1009]: |       ..o . E o |
[   27.608548] cloud-init[1009]: |       +So.     .|
[   27.610374] cloud-init[1009]: |      o.+ o .  .o|
[   27.613858]          cloud-initStarting LSB: daemon to balance interrupts for SMP systems...[1009]: 
|       + =.B   *+|
[   27.619504]          cloud-initStarting Permit User Sessions...[1009]: 
|      . oo@.o +.O|
[   27.622160]          cloud-initStarting LSB: VirtualBox Linux Additions...[1009]: 
|        .o.+o+oBo|
[   27.626904] [cloud-init[0;32m  OK  [0m[1009]: ] +----[SHA256]-----+Started Permit User Sessions.

[   27.627237] cloud-init[1009]: Generating public/private dsa key pair.
[   27.632694] cloud-init[1009]: Your identification has been saved in /etc/ssh/ssh_host_dsa_key.
[   27.635505] [[0;32m  OK  [0m] Started LSB: Set the CPU Frequency Scaling governor to "ondemand".
cloud-init[1009]: Your public key has been saved in /etc/ssh/ssh_host_dsa_key.pub.
[   27.649222] cloud-init[1009]: The key fingerprint is:
[   27.651241] cloud-init[1009]: SHA256:byygVxN/CFNjCBGq99SiW87IXGTc7Jm/xdvOmpFZ2dY root@ubuntu-xenial
         Starting Terminate Plymouth Boot Screen...
[   27.655220] cloud-init[1009]: The key's randomart image is:
[   27.659095]          cloud-initStarting Hold until boot process finishes up...[1009]: 
+---[DSA 1024]----+
[[0;32m  OK  [0m] Started LSB: automatic crash report generation.
[[0;32m  OK  [0m] Started LSB: daemon to balance interrupts for SMP systems.
[   27.664785] cloud-init[1009]: |      ++ .+      |
[   27.675248] [cloud-init[0;32m  OK  [0m[1009]: ] |     .  .o .     |Started Terminate Plymouth Boot Screen.

[   27.675554] cloud-init[1009]: |    .   +        |
[   27.679521] [cloud-init[0;32m  OK  [0m[1009]: ] |   . . + = .   o.|Started Hold until boot process finishes up.

[   27.679936] cloud-init[1009]: |  . . B S o . o E|
[   27.685160] cloud-init[1009]: |   . B = * o + . |
[   27.687749] cloud-init[1009]: |    o = = + *    |
         Stopping OpenBSD Secure Shell server...
[   27.691677] cloud-init[1009]: |   o O   + . *   |
[   27.694022] cloud-init[1009]: |    = o   o.+o+  |
[   27.695884] cloud-init[1009]: +----[SHA256]-----+
[   27.700848] cloud-init[1009]: Generating public/private ecdsa key pair.
[[0;32m  OK  [0m] Started Getty on tty1.
[   27.703926] cloud-init[1009]: Your identification has been saved in /etc/ssh/ssh_host_ecdsa_key.
[[0;32m  OK  [0m] Started Serial Getty on ttyS0.
[   27.706945] [cloud-init[0;32m  OK  [0m[1009]: ] Your public key has been saved in /etc/ssh/ssh_host_ecdsa_key.pub.Reached target Login Prompts.

[   27.709873] cloud-init         Starting Set console scheme...
[[0;32m  OK  [0m] Stopped OpenBSD Secure Shell server.
[[0;32m  OK  [0m] Started LSB: VirtualBox Linux Additions.
[1009]: The key fingerprint is:
[   27.719447] [[0;32m  OK  [0m] Started Set console scheme.
cloud-init[1009]: SHA256:wpj6TC9SGNTH3bmf/ARZmqvcWqquWSEvym+GQ1/9Iu4 root@ubuntu-xenial         Starting OpenBSD Secure Shell server...

[[0;32m  OK  [0m] Started OpenBSD Secure Shell server.
[   27.727586] cloud-init[1009]: The key's randomart image is:
[   27.730715] [[0;32m  OK  [0m] Reached target Multi-User System.
[[0;32m  OK  [0m] Reached target Graphical Interface.
         Starting Notify bootloader that boot was successful...
cloud-init[1009]: +---[ECDSA 256]---+
[   27.733795] cloud-init[1009]: |   . . . . .     |
         Starting Update UTMP about System Runlevel Changes...
[[0;32m  OK  [0m] Started Update UTMP about System Runlevel Changes.
[   27.746911] cloud-init[1009]: |  . . o . o   .  |
[   27.785014] [cloud-init[0;32m  OK  [0m[1009]: ] | .   .     . =   |Started Notify bootloader that boot was successful.

[   27.785343] cloud-init[1009]: |  .  +    . =    |
[   27.796272] cloud-init[1009]: |   oo + S. o +   |
[   27.800507] cloud-init[1009]: |  ..o  +... = .  |
[   27.804562] cloud-init[1009]: |  .o.o..o. +.o   |
[   27.807934] cloud-init[1009]: |  .=+o++. +oo .  |
[   27.809940] cloud-init[1009]: |   .=*==Eooo     |
[   27.812506] cloud-init[1009]: +----[SHA256]-----+
[   27.815407] cloud-init[1009]: Generating public/private ed25519 key pair.
[   27.817868] cloud-init[1009]: Your identification has been saved in /etc/ssh/ssh_host_ed25519_key.
[   27.820196] cloud-init[1009]: Your public key has been saved in /etc/ssh/ssh_host_ed25519_key.pub.
[   27.822327] cloud-init[1009]: The key fingerprint is:
[   27.828281] cloud-init[1009]: SHA256:uOf64nd6jEmVxdPJXONuJhfaF8J/pQxuZ7LdTwTiC3o root@ubuntu-xenial
[   27.837874] cloud-init[1009]: The key's randomart image is:
[   27.839786] cloud-init[1009]: +--[ED25519 256]--+
[   27.840802] cloud-init[1009]: |           . + +.|
[   27.842717] cloud-init[1009]: |            = * .|
[   27.844893] cloud-init[1009]: |           oo+.+.|
[   27.846734] cloud-init[1009]: |       .  oo +*o+|
[   27.848690] cloud-init[1009]: |      . S.. =o=B+|
[   27.849620] cloud-init[1009]: |       ... o B=oo|
[   27.850464] cloud-init[1009]: |      ..o+E o . o|
[   27.851384] cloud-init[1009]: |      .o+.+    ..|
[   27.852501] cloud-init[1009]: |     .o=++      .|
[   27.898490] cloud-init[1009]: +----[SHA256]-----+
[   27.900390] cloud-init[1138]: Generating locales (this might take a while)...
[   27.903913] cloud-init[1138]:   en_US.UTF-8... done
[   27.904828] cloud-init[1138]: Generation complete.
[   28.046717] cloud-init[1138]: Cloud-init v. 0.7.8 running 'modules:config' at Mon, 31 Oct 2016 20:44:12 +0000. Up 26.78 seconds.
[[0;32m  OK  [0m] Started Apply the settings specified in cloud-config.
         Starting Execute cloud user/final scripts...
ci-info: no authorized ssh keys fingerprints found for user ubuntu.
<14>Oct 31 20:44:14 ec2: 
<14>Oct 31 20:44:14 ec2: #############################################################
<14>Oct 31 20:44:14 ec2: -----BEGIN SSH HOST KEY FINGERPRINTS-----
<14>Oct 31 20:44:14 ec2: 1024 SHA256:byygVxN/CFNjCBGq99SiW87IXGTc7Jm/xdvOmpFZ2dY root@ubuntu-xenial (DSA)
<14>Oct 31 20:44:14 ec2: 256 SHA256:wpj6TC9SGNTH3bmf/ARZmqvcWqquWSEvym+GQ1/9Iu4 root@ubuntu-xenial (ECDSA)
<14>Oct 31 20:44:14 ec2: 256 SHA256:uOf64nd6jEmVxdPJXONuJhfaF8J/pQxuZ7LdTwTiC3o root@ubuntu-xenial (ED25519)
<14>Oct 31 20:44:14 ec2: 2048 SHA256:bLXERFiVMIOu21s+mZyGhSzdyyflyze1zd5qe2zkEYk root@ubuntu-xenial (RSA)
<14>Oct 31 20:44:14 ec2: -----END SSH HOST KEY FINGERPRINTS-----
<14>Oct 31 20:44:14 ec2: #############################################################
-----BEGIN SSH HOST KEY KEYS-----
ecdsa-sha2-nistp256 AAAAE2VjZHNhLXNoYTItbmlzdHAyNTYAAAAIbmlzdHAyNTYAAABBBA5o8M/XeGv3Zq8pwm+gq6Acd77IRCd3gitq8kvO9kOagFlY7+tqbmcCWEoMnj5EdPfwErJs+qa3B7YENy3wEak= root@ubuntu-xenial
ssh-ed25519 AAAAC3NzaC1lZDI1NTE5AAAAIODhHwKCIVzLyIdBjCGDuKNE4jSSYFsppVzgnfpVYPaY root@ubuntu-xenial
ssh-rsa AAAAB3NzaC1yc2EAAAADAQABAAABAQDTiKgKL/cXlaP1ihWqGLPO4FUXLibYJF4v8ldFhWX4ewVPTwVLXTt/qve15Vb+28QFlzvMoY6B+ZnktVQDG9TPrESsXTLKpfx3e3iVaFpCgRv/6Nogv/Z+yRpK5nefy1SKYk34VRJP3paKTVtpzAYGsP3IFjt9Err4AUA6Vs0i08WNL7IKgaW2zChAvSmd1I5TPFtlsrIwPkzqRYrgtQYgD3Es7GgJWEWzqIXCy3qkFiTvH2c5q/EOk6EbGv0OR1bXcwmXmPIGPrxMfXgtrPmdmRt4/8sGaepb5PAtwGGu1tNcYqDuacFUXWlc3ddM5OqOtxHmX7SRaL1DNavlqo9v root@ubuntu-xenial
-----END SSH HOST KEY KEYS-----
[   28.879230] cloud-init[1304]: Cloud-init v. 0.7.8 running 'modules:final' at Mon, 31 Oct 2016 20:44:14 +0000. Up 28.46 seconds.
[   28.882372] cloud-init[1304]: ci-info: no authorized ssh keys fingerprints found for user ubuntu.
[   28.884089] cloud-init[1304]: Cloud-init v. 0.7.8 finished at Mon, 31 Oct 2016 20:44:14 +0000. Datasource DataSourceNoCloud [seed=/dev/sdb][dsmode=net].  Up 28.86 seconds
[[0;32m  OK  [0m] Started Execute cloud user/final scripts.
[[0;32m  OK  [0m] Reached target Cloud-init target.

Ubuntu 16.04.1 LTS ubuntu-xenial ttyS0

ubuntu-xenial login: 